PHPUnit 13.0.5 by Sebastian Bergmann and contributors.

Runtime:       PHP 8.4.18
Configuration: /var/www/html/phpunit.dist.xml

D......FFF.S..S...[error] PriceParser failed
.F.